exports[`nanoflux-react.connect renders App with mapped state to props using *single* store  1`] = `
ShallowWrapper {
  "complexSelector": ComplexSelector {
    "buildPredicate": [Function buildPredicate],
    "childrenOfNode": [Function childrenOfNode],
    "findWhereUnwrapped": [Function findWhereUnwrapped]
  },
  "length": 1,
  "node": <function Test() {_classCallCheck(this, Test);return _possibleConstructorReturn(this, (Test.__proto__ || Object.getPrototypeOf(Test)).apply(this, arguments));}
    testProp="initial" />,
  "nodes": Array [
    <function Test() {_classCallCheck(this, Test);return _possibleConstructorReturn(this, (Test.__proto__ || Object.getPrototypeOf(Test)).apply(this, arguments));}
      testProp="initial" />
  ],
  "options": Object {},
  "renderer": ReactShallowRenderer {
    "_instance": ShallowComponentWrapper {
      "_calledComponentWillUnmount": false,
      "_compositeType": 0,
      "_context": Object {},
      "_currentElement": <function NanofluxStoreConnector(props) {/* istanbul ignore next */_classCallCheck(this, NanofluxStoreConnector);cov_2g1v1qcf3j.f[9]++;cov_2g1v1qcf3j.s[17]++;var _this2 = _possibleConstructorReturn(this, (NanofluxStoreConnector.__proto__ || Object.getPrototypeOf(NanofluxStoreConnector)).call(this,
					props));

					var storeObj = /* istanbul ignore next */(cov_2g1v1qcf3j.s[18]++, typeof store === 'string' ? /* istanbul ignore next */(cov_2g1v1qcf3j.b[1][0]++, /* istanbul ignore next */_nanoflux2.default.getStore(store)) : /* istanbul ignore next */(cov_2g1v1qcf3j.b[1][1]++, store)); /* istanbul ignore next */cov_2g1v1qcf3j.s[19]++;

					/* istanbul ignore next */_this2.state = NanofluxStoreConnector.__mapStoreState(); /* istanbul ignore next */cov_2g1v1qcf3j.s[20]++;
					/* istanbul ignore next */_this2.subscription = storeObj.subscribe( /* istanbul ignore next */_this2, /* istanbul ignore next */_this2.__onStoreUpdate); /* istanbul ignore next */return _this2;
				} />,
      "_debugID": 1,
      "_hostContainerInfo": null,
      "_hostParent": null,
      "_instance": NanofluxStoreConnector {
        "_reactInternalInstance": [Circular],
        "context": Object {},
        "props": Object {},
        "refs": Object {},
        "state": Object {
          "testProp": "initial"
        },
        "subscription": n {
          "unsubscribe": [Function anonymous]
        },
        "updater": Object {
          "enqueueCallback": [Function enqueueCallback],
          "enqueueCallbackInternal": [Function enqueueCallbackInternal],
          "enqueueElementInternal": [Function enqueueElementInternal],
          "enqueueForceUpdate": [Function enqueueForceUpdate],
          "enqueueReplaceState": [Function enqueueReplaceState],
          "enqueueSetState": [Function enqueueSetState],
          "isMounted": [Function isMounted],
          "validateCallback": [Function validateCallback]
        }
      },
      "_mountOrder": 1,
      "_pendingCallbacks": null,
      "_pendingElement": null,
      "_pendingForceUpdate": false,
      "_pendingReplaceState": false,
      "_pendingStateQueue": null,
      "_renderedComponent": NoopInternalComponent {
        "_currentElement": <function Test() {_classCallCheck(this, Test);return _possibleConstructorReturn(this, (Test.__proto__ || Object.getPrototypeOf(Test)).apply(this, arguments));}
          testProp="initial" />,
        "_debugID": 2,
        "_renderedOutput": <function Test() {_classCallCheck(this, Test);return _possibleConstructorReturn(this, (Test.__proto__ || Object.getPrototypeOf(Test)).apply(this, arguments));}
          testProp="initial" />
      },
      "_renderedNodeType": 1,
      "_rootNodeID": 0,
      "_topLevelWrapper": null,
      "_updateBatchNumber": null,
      "_warnedAboutRefsInRender": false
    },
    "getRenderOutput": [Function getRenderOutput],
    "render": [Function render]
  },
  "root": [Circular],
  "unrendered": <function NanofluxStoreConnector(props) {/* istanbul ignore next */_classCallCheck(this, NanofluxStoreConnector);cov_2g1v1qcf3j.f[9]++;cov_2g1v1qcf3j.s[17]++;var _this2 = _possibleConstructorReturn(this, (NanofluxStoreConnector.__proto__ || Object.getPrototypeOf(NanofluxStoreConnector)).call(this,
					props));

					var storeObj = /* istanbul ignore next */(cov_2g1v1qcf3j.s[18]++, typeof store === 'string' ? /* istanbul ignore next */(cov_2g1v1qcf3j.b[1][0]++, /* istanbul ignore next */_nanoflux2.default.getStore(store)) : /* istanbul ignore next */(cov_2g1v1qcf3j.b[1][1]++, store)); /* istanbul ignore next */cov_2g1v1qcf3j.s[19]++;

					/* istanbul ignore next */_this2.state = NanofluxStoreConnector.__mapStoreState(); /* istanbul ignore next */cov_2g1v1qcf3j.s[20]++;
					/* istanbul ignore next */_this2.subscription = storeObj.subscribe( /* istanbul ignore next */_this2, /* istanbul ignore next */_this2.__onStoreUpdate); /* istanbul ignore next */return _this2;
				} />
}
`;
